≡ƒö╣ 1. Login (Admin)...
Γ£à Logged in
≡ƒö╣ 2. Generate Upload URL...
Γ£à Got Upload URL
≡ƒö╣ 3. Uploading File to Storage...
Γ£à File Uploaded
≡ƒö╣ 4. Create Draft Record...
Γ£à Draft Created: ID 18
≡ƒö╣ 5. Process Draft (Worker Test)...
Γ£à Process Job Queued
ΓÅ│ Polling for 'ready_for_preview'...
Status: processing Status: ready_for_preview 
Γ£à Draft Processed by Worker.
≡ƒö╣ 6. Update Status to 'ready_for_print'...
Γ£à Draft Ready for Print
≡ƒö╣ 7. Create Print Job...
